Archive member included to satisfy reference by file (symbol)

c:/ac6/systemworkbench/plugins/fr.ac6.mcu.externaltools.arm-none.win32_1.17.0.201812190825/tools/compiler/bin/../lib/gcc/arm-none-eabi/7.3.1/../../../../arm-none-eabi/lib/thumb/v7e-m/fpv4-sp/hard\libc.a(lib_a-errno.o)
                              startup/sysmem.o (__errno)
c:/ac6/systemworkbench/plugins/fr.ac6.mcu.externaltools.arm-none.win32_1.17.0.201812190825/tools/compiler/bin/../lib/gcc/arm-none-eabi/7.3.1/../../../../arm-none-eabi/lib/thumb/v7e-m/fpv4-sp/hard\libc.a(lib_a-exit.o)
                              c:/ac6/systemworkbench/plugins/fr.ac6.mcu.externaltools.arm-none.win32_1.17.0.201812190825/tools/compiler/bin/../lib/gcc/arm-none-eabi/7.3.1/../../../../arm-none-eabi/lib/thumb/v7e-m/fpv4-sp/hard/crt0.o (exit)
c:/ac6/systemworkbench/plugins/fr.ac6.mcu.externaltools.arm-none.win32_1.17.0.201812190825/tools/compiler/bin/../lib/gcc/arm-none-eabi/7.3.1/../../../../arm-none-eabi/lib/thumb/v7e-m/fpv4-sp/hard\libc.a(lib_a-impure.o)
                              c:/ac6/systemworkbench/plugins/fr.ac6.mcu.externaltools.arm-none.win32_1.17.0.201812190825/tools/compiler/bin/../lib/gcc/arm-none-eabi/7.3.1/../../../../arm-none-eabi/lib/thumb/v7e-m/fpv4-sp/hard\libc.a(lib_a-exit.o) (_global_impure_ptr)
c:/ac6/systemworkbench/plugins/fr.ac6.mcu.externaltools.arm-none.win32_1.17.0.201812190825/tools/compiler/bin/../lib/gcc/arm-none-eabi/7.3.1/../../../../arm-none-eabi/lib/thumb/v7e-m/fpv4-sp/hard\libc.a(lib_a-init.o)
                              c:/ac6/systemworkbench/plugins/fr.ac6.mcu.externaltools.arm-none.win32_1.17.0.201812190825/tools/compiler/bin/../lib/gcc/arm-none-eabi/7.3.1/../../../../arm-none-eabi/lib/thumb/v7e-m/fpv4-sp/hard/crt0.o (__libc_init_array)
c:/ac6/systemworkbench/plugins/fr.ac6.mcu.externaltools.arm-none.win32_1.17.0.201812190825/tools/compiler/bin/../lib/gcc/arm-none-eabi/7.3.1/../../../../arm-none-eabi/lib/thumb/v7e-m/fpv4-sp/hard\libc.a(lib_a-memset.o)
                              c:/ac6/systemworkbench/plugins/fr.ac6.mcu.externaltools.arm-none.win32_1.17.0.201812190825/tools/compiler/bin/../lib/gcc/arm-none-eabi/7.3.1/../../../../arm-none-eabi/lib/thumb/v7e-m/fpv4-sp/hard/crt0.o (memset)
c:/ac6/systemworkbench/plugins/fr.ac6.mcu.externaltools.arm-none.win32_1.17.0.201812190825/tools/compiler/bin/../lib/gcc/arm-none-eabi/7.3.1/../../../../arm-none-eabi/lib/thumb/v7e-m/fpv4-sp/hard\libc.a(lib_a-__call_atexit.o)
                              c:/ac6/systemworkbench/plugins/fr.ac6.mcu.externaltools.arm-none.win32_1.17.0.201812190825/tools/compiler/bin/../lib/gcc/arm-none-eabi/7.3.1/../../../../arm-none-eabi/lib/thumb/v7e-m/fpv4-sp/hard\libc.a(lib_a-exit.o) (__call_exitprocs)
c:/ac6/systemworkbench/plugins/fr.ac6.mcu.externaltools.arm-none.win32_1.17.0.201812190825/tools/compiler/bin/../lib/gcc/arm-none-eabi/7.3.1/../../../../arm-none-eabi/lib/thumb/v7e-m/fpv4-sp/hard\libc.a(lib_a-atexit.o)
                              c:/ac6/systemworkbench/plugins/fr.ac6.mcu.externaltools.arm-none.win32_1.17.0.201812190825/tools/compiler/bin/../lib/gcc/arm-none-eabi/7.3.1/../../../../arm-none-eabi/lib/thumb/v7e-m/fpv4-sp/hard\libc.a(lib_a-__call_atexit.o) (atexit)
c:/ac6/systemworkbench/plugins/fr.ac6.mcu.externaltools.arm-none.win32_1.17.0.201812190825/tools/compiler/bin/../lib/gcc/arm-none-eabi/7.3.1/../../../../arm-none-eabi/lib/thumb/v7e-m/fpv4-sp/hard\libc.a(lib_a-fini.o)
                              c:/ac6/systemworkbench/plugins/fr.ac6.mcu.externaltools.arm-none.win32_1.17.0.201812190825/tools/compiler/bin/../lib/gcc/arm-none-eabi/7.3.1/../../../../arm-none-eabi/lib/thumb/v7e-m/fpv4-sp/hard\libc.a(lib_a-__call_atexit.o) (__libc_fini_array)
c:/ac6/systemworkbench/plugins/fr.ac6.mcu.externaltools.arm-none.win32_1.17.0.201812190825/tools/compiler/bin/../lib/gcc/arm-none-eabi/7.3.1/../../../../arm-none-eabi/lib/thumb/v7e-m/fpv4-sp/hard\libc.a(lib_a-lock.o)
                              c:/ac6/systemworkbench/plugins/fr.ac6.mcu.externaltools.arm-none.win32_1.17.0.201812190825/tools/compiler/bin/../lib/gcc/arm-none-eabi/7.3.1/../../../../arm-none-eabi/lib/thumb/v7e-m/fpv4-sp/hard\libc.a(lib_a-__call_atexit.o) (__retarget_lock_acquire_recursive)
c:/ac6/systemworkbench/plugins/fr.ac6.mcu.externaltools.arm-none.win32_1.17.0.201812190825/tools/compiler/bin/../lib/gcc/arm-none-eabi/7.3.1/../../../../arm-none-eabi/lib/thumb/v7e-m/fpv4-sp/hard\libc.a(lib_a-__atexit.o)
                              c:/ac6/systemworkbench/plugins/fr.ac6.mcu.externaltools.arm-none.win32_1.17.0.201812190825/tools/compiler/bin/../lib/gcc/arm-none-eabi/7.3.1/../../../../arm-none-eabi/lib/thumb/v7e-m/fpv4-sp/hard\libc.a(lib_a-atexit.o) (__register_exitproc)

Allocating common symbols
Common symbol       size              file

__lock___atexit_recursive_mutex
                    0x1               c:/ac6/systemworkbench/plugins/fr.ac6.mcu.externaltools.arm-none.win32_1.17.0.201812190825/tools/compiler/bin/../lib/gcc/arm-none-eabi/7.3.1/../../../../arm-none-eabi/lib/thumb/v7e-m/fpv4-sp/hard\libc.a(lib_a-lock.o)
__lock___arc4random_mutex
                    0x1               c:/ac6/systemworkbench/plugins/fr.ac6.mcu.externaltools.arm-none.win32_1.17.0.201812190825/tools/compiler/bin/../lib/gcc/arm-none-eabi/7.3.1/../../../../arm-none-eabi/lib/thumb/v7e-m/fpv4-sp/hard\libc.a(lib_a-lock.o)
__lock___env_recursive_mutex
                    0x1               c:/ac6/systemworkbench/plugins/fr.ac6.mcu.externaltools.arm-none.win32_1.17.0.201812190825/tools/compiler/bin/../lib/gcc/arm-none-eabi/7.3.1/../../../../arm-none-eabi/lib/thumb/v7e-m/fpv4-sp/hard\libc.a(lib_a-lock.o)
__lock___sinit_recursive_mutex
                    0x1               c:/ac6/systemworkbench/plugins/fr.ac6.mcu.externaltools.arm-none.win32_1.17.0.201812190825/tools/compiler/bin/../lib/gcc/arm-none-eabi/7.3.1/../../../../arm-none-eabi/lib/thumb/v7e-m/fpv4-sp/hard\libc.a(lib_a-lock.o)
__lock___malloc_recursive_mutex
                    0x1               c:/ac6/systemworkbench/plugins/fr.ac6.mcu.externaltools.arm-none.win32_1.17.0.201812190825/tools/compiler/bin/../lib/gcc/arm-none-eabi/7.3.1/../../../../arm-none-eabi/lib/thumb/v7e-m/fpv4-sp/hard\libc.a(lib_a-lock.o)
__lock___at_quick_exit_mutex
                    0x1               c:/ac6/systemworkbench/plugins/fr.ac6.mcu.externaltools.arm-none.win32_1.17.0.201812190825/tools/compiler/bin/../lib/gcc/arm-none-eabi/7.3.1/../../../../arm-none-eabi/lib/thumb/v7e-m/fpv4-sp/hard\libc.a(lib_a-lock.o)
__lock___dd_hash_mutex
                    0x1               c:/ac6/systemworkbench/plugins/fr.ac6.mcu.externaltools.arm-none.win32_1.17.0.201812190825/tools/compiler/bin/../lib/gcc/arm-none-eabi/7.3.1/../../../../arm-none-eabi/lib/thumb/v7e-m/fpv4-sp/hard\libc.a(lib_a-lock.o)
__lock___tz_mutex   0x1               c:/ac6/systemworkbench/plugins/fr.ac6.mcu.externaltools.arm-none.win32_1.17.0.201812190825/tools/compiler/bin/../lib/gcc/arm-none-eabi/7.3.1/../../../../arm-none-eabi/lib/thumb/v7e-m/fpv4-sp/hard\libc.a(lib_a-lock.o)
__lock___sfp_recursive_mutex
                    0x1               c:/ac6/systemworkbench/plugins/fr.ac6.mcu.externaltools.arm-none.win32_1.17.0.201812190825/tools/compiler/bin/../lib/gcc/arm-none-eabi/7.3.1/../../../../arm-none-eabi/lib/thumb/v7e-m/fpv4-sp/hard\libc.a(lib_a-lock.o)

Discarded input sections

 .text          0x00000000        0x0 c:/ac6/systemworkbench/plugins/fr.ac6.mcu.externaltools.arm-none.win32_1.17.0.201812190825/tools/compiler/bin/../lib/gcc/arm-none-eabi/7.3.1/thumb/v7e-m/fpv4-sp/hard/crti.o
 .data          0x00000000        0x0 c:/ac6/systemworkbench/plugins/fr.ac6.mcu.externaltools.arm-none.win32_1.17.0.201812190825/tools/compiler/bin/../lib/gcc/arm-none-eabi/7.3.1/thumb/v7e-m/fpv4-sp/hard/crti.o
 .bss           0x00000000        0x0 c:/ac6/systemworkbench/plugins/fr.ac6.mcu.externaltools.arm-none.win32_1.17.0.201812190825/tools/compiler/bin/../lib/gcc/arm-none-eabi/7.3.1/thumb/v7e-m/fpv4-sp/hard/crti.o
 .data          0x00000000        0x4 c:/ac6/systemworkbench/plugins/fr.ac6.mcu.externaltools.arm-none.win32_1.17.0.201812190825/tools/compiler/bin/../lib/gcc/arm-none-eabi/7.3.1/thumb/v7e-m/fpv4-sp/hard/crtbegin.o
 .text          0x00000000       0x74 c:/ac6/systemworkbench/plugins/fr.ac6.mcu.externaltools.arm-none.win32_1.17.0.201812190825/tools/compiler/bin/../lib/gcc/arm-none-eabi/7.3.1/../../../../arm-none-eabi/lib/thumb/v7e-m/fpv4-sp/hard/crt0.o
 .data          0x00000000        0x0 c:/ac6/systemworkbench/plugins/fr.ac6.mcu.externaltools.arm-none.win32_1.17.0.201812190825/tools/compiler/bin/../lib/gcc/arm-none-eabi/7.3.1/../../../../arm-none-eabi/lib/thumb/v7e-m/fpv4-sp/hard/crt0.o
 .bss           0x00000000        0x0 c:/ac6/systemworkbench/plugins/fr.ac6.mcu.externaltools.arm-none.win32_1.17.0.201812190825/tools/compiler/bin/../lib/gcc/arm-none-eabi/7.3.1/../../../../arm-none-eabi/lib/thumb/v7e-m/fpv4-sp/hard/crt0.o
 .ARM.extab     0x00000000        0x0 c:/ac6/systemworkbench/plugins/fr.ac6.mcu.externaltools.arm-none.win32_1.17.0.201812190825/tools/compiler/bin/../lib/gcc/arm-none-eabi/7.3.1/../../../../arm-none-eabi/lib/thumb/v7e-m/fpv4-sp/hard/crt0.o
 .ARM.exidx     0x00000000        0x8 c:/ac6/systemworkbench/plugins/fr.ac6.mcu.externaltools.arm-none.win32_1.17.0.201812190825/tools/compiler/bin/../lib/gcc/arm-none-eabi/7.3.1/../../../../arm-none-eabi/lib/thumb/v7e-m/fpv4-sp/hard/crt0.o
 .ARM.attributes
                0x00000000       0x20 c:/ac6/systemworkbench/plugins/fr.ac6.mcu.externaltools.arm-none.win32_1.17.0.201812190825/tools/compiler/bin/../lib/gcc/arm-none-eabi/7.3.1/../../../../arm-none-eabi/lib/thumb/v7e-m/fpv4-sp/hard/crt0.o
 .group         0x00000000        0xc src/main.o
 .group         0x00000000        0xc src/main.o
 .group         0x00000000        0xc src/main.o
 .group         0x00000000        0xc src/main.o
 .group         0x00000000        0xc src/main.o
 .group         0x00000000        0xc src/main.o
 .group         0x00000000        0xc src/main.o
 .group         0x00000000        0xc src/main.o
 .group         0x00000000        0xc src/main.o
 .group         0x00000000        0xc src/main.o
 .group         0x00000000        0xc src/main.o
 .group         0x00000000        0xc src/main.o
 .group         0x00000000        0xc src/main.o
 .text          0x00000000        0x0 src/main.o
 .data          0x00000000        0x0 src/main.o
 .bss           0x00000000        0x0 src/main.o
 .text.GPIO_ReadInputDataBit
                0x00000000       0x20 src/main.o
 .text.timer_init_pb3
                0x00000000       0x88 src/main.o
 .text.timer_init_pb7
                0x00000000       0xa0 src/main.o
 .text.timer_init_pb8
                0x00000000       0xa0 src/main.o
 .text.timer_init_pb9
                0x00000000       0xa0 src/main.o
 .data          0x00000000        0x0 src/utils.o
 .bss           0x00000000        0x0 src/utils.o
 .text          0x00000000       0x14 startup/startup_stm32.o
 .data          0x00000000        0x0 startup/startup_stm32.o
 .bss           0x00000000        0x0 startup/startup_stm32.o
 .group         0x00000000        0xc startup/sysmem.o
 .group         0x00000000        0xc startup/sysmem.o
 .group         0x00000000        0xc startup/sysmem.o
 .group         0x00000000        0xc startup/sysmem.o
 .group         0x00000000        0xc startup/sysmem.o
 .group         0x00000000        0xc startup/sysmem.o
 .group         0x00000000        0xc startup/sysmem.o
 .group         0x00000000        0xc startup/sysmem.o
 .group         0x00000000        0xc startup/sysmem.o
 .group         0x00000000        0xc startup/sysmem.o
 .group         0x00000000        0xc startup/sysmem.o
 .group         0x00000000        0xc startup/sysmem.o
 .group         0x00000000        0xc startup/sysmem.o
 .group         0x00000000        0xc startup/sysmem.o
 .group         0x00000000        0xc startup/sysmem.o
 .group         0x00000000        0xc startup/sysmem.o
 .group         0x00000000        0xc startup/sysmem.o
 .group         0x00000000        0xc startup/sysmem.o
 .group         0x00000000        0xc startup/sysmem.o
 .group         0x00000000        0xc startup/sysmem.o
 .group         0x00000000        0xc startup/sysmem.o
 .group         0x00000000        0xc startup/sysmem.o
 .group         0x00000000        0xc startup/sysmem.o
 .group         0x00000000        0xc startup/sysmem.o
 .group         0x00000000        0xc startup/sysmem.o
 .group         0x00000000        0xc startup/sysmem.o
 .group         0x00000000        0xc startup/sysmem.o
 .group         0x00000000        0xc startup/sysmem.o
 .group         0x00000000        0xc startup/sysmem.o
 .group         0x00000000        0xc startup/sysmem.o
 .group         0x00000000        0xc startup/sysmem.o
 .group         0x00000000        0xc startup/sysmem.o
 .text          0x00000000        0x0 startup/sysmem.o
 .data          0x00000000        0x0 startup/sysmem.o
 .bss           0x00000000        0x4 startup/sysmem.o
 .text._sbrk    0x00000000       0x58 startup/sysmem.o
 .debug_info    0x00000000      0x92c startup/sysmem.o
 .debug_abbrev  0x00000000      0x1f1 startup/sysmem.o
 .debug_aranges
                0x00000000       0x20 startup/sysmem.o
 .debug_ranges  0x00000000       0x10 startup/sysmem.o
 .debug_macro   0x00000000      0x1ae startup/sysmem.o
 .debug_macro   0x00000000      0xa66 startup/sysmem.o
 .debug_macro   0x00000000       0x10 startup/sysmem.o
 .debug_macro   0x00000000       0x22 startup/sysmem.o
 .debug_macro   0x00000000       0x58 startup/sysmem.o
 .debug_macro   0x00000000       0x18 startup/sysmem.o
 .debug_macro   0x00000000       0x94 startup/sysmem.o
 .debug_macro   0x00000000       0x35 startup/sysmem.o
 .debug_macro   0x00000000       0x34 startup/sysmem.o
 .debug_macro   0x00000000      0x174 startup/sysmem.o
 .debug_macro   0x00000000       0x57 startup/sysmem.o
 .debug_macro   0x00000000       0x58 startup/sysmem.o
 .debug_macro   0x00000000       0x1f startup/sysmem.o
 .debug_macro   0x00000000       0x43 startup/sysmem.o
 .debug_macro   0x00000000       0x20 startup/sysmem.o
 .debug_macro   0x00000000      0x18e startup/sysmem.o
 .debug_macro   0x00000000      0x23b startup/sysmem.o
 .debug_macro   0x00000000       0x16 startup/sysmem.o
 .debug_macro   0x00000000       0x35 startup/sysmem.o
 .debug_macro   0x00000000      0x330 startup/sysmem.o
 .debug_macro   0x00000000       0x10 startup/sysmem.o
 .debug_macro   0x00000000       0x10 startup/sysmem.o
 .debug_macro   0x00000000       0x6a startup/sysmem.o
 .debug_macro   0x00000000       0x1c startup/sysmem.o
 .debug_macro   0x00000000       0x52 startup/sysmem.o
 .debug_macro   0x00000000       0x40 startup/sysmem.o
 .debug_macro   0x00000000       0x10 startup/sysmem.o
 .debug_macro   0x00000000       0x40 startup/sysmem.o
 .debug_macro   0x00000000       0xd7 startup/sysmem.o
 .debug_macro   0x00000000       0x1c startup/sysmem.o
 .debug_macro   0x00000000       0x3d startup/sysmem.o
 .debug_macro   0x00000000       0x16 startup/sysmem.o
 .debug_macro   0x00000000      0x16f startup/sysmem.o
 .debug_line    0x00000000      0x3e6 startup/sysmem.o
 .debug_str     0x00000000     0x77aa startup/sysmem.o
 .comment       0x00000000       0x80 startup/sysmem.o
 .debug_frame   0x00000000       0x34 startup/sysmem.o
 .ARM.attributes
                0x00000000       0x39 startup/sysmem.o
 .text          0x00000000        0x0 c:/ac6/systemworkbench/plugins/fr.ac6.mcu.externaltools.arm-none.win32_1.17.0.201812190825/tools/compiler/bin/../lib/gcc/arm-none-eabi/7.3.1/../../../../arm-none-eabi/lib/thumb/v7e-m/fpv4-sp/hard\libc.a(lib_a-errno.o)
 .data          0x00000000        0x0 c:/ac6/systemworkbench/plugins/fr.ac6.mcu.externaltools.arm-none.win32_1.17.0.201812190825/tools/compiler/bin/../lib/gcc/arm-none-eabi/7.3.1/../../../../arm-none-eabi/lib/thumb/v7e-m/fpv4-sp/hard\libc.a(lib_a-errno.o)
 .bss           0x00000000        0x0 c:/ac6/systemworkbench/plugins/fr.ac6.mcu.externaltools.arm-none.win32_1.17.0.201812190825/tools/compiler/bin/../lib/gcc/arm-none-eabi/7.3.1/../../../../arm-none-eabi/lib/thumb/v7e-m/fpv4-sp/hard\libc.a(lib_a-errno.o)
 .text.__errno  0x00000000        0xc c:/ac6/systemworkbench/plugins/fr.ac6.mcu.externaltools.arm-none.win32_1.17.0.201812190825/tools/compiler/bin/../lib/gcc/arm-none-eabi/7.3.1/../../../../arm-none-eabi/lib/thumb/v7e-m/fpv4-sp/hard\libc.a(lib_a-errno.o)
 .debug_frame   0x00000000       0x20 c:/ac6/systemworkbench/plugins/fr.ac6.mcu.externaltools.arm-none.win32_1.17.0.201812190825/tools/compiler/bin/../lib/gcc/arm-none-eabi/7.3.1/../../../../arm-none-eabi/lib/thumb/v7e-m/fpv4-sp/hard\libc.a(lib_a-errno.o)
 .ARM.attributes
                0x00000000       0x34 c:/ac6/systemworkbench/plugins/fr.ac6.mcu.externaltools.arm-none.win32_1.17.0.201812190825/tools/compiler/bin/../lib/gcc/arm-none-eabi/7.3.1/../../../../arm-none-eabi/lib/thumb/v7e-m/fpv4-sp/hard\libc.a(lib_a-errno.o)
 .text          0x00000000        0x0 c:/ac6/systemworkbench/plugins/fr.ac6.mcu.externaltools.arm-none.win32_1.17.0.201812190825/tools/compiler/bin/../lib/gcc/arm-none-eabi/7.3.1/../../../../arm-none-eabi/lib/thumb/v7e-m/fpv4-sp/hard\libc.a(lib_a-exit.o)
 .data          0x00000000        0x0 c:/ac6/systemworkbench/plugins/fr.ac6.mcu.externaltools.arm-none.win32_1.17.0.201812190825/tools/compiler/bin/../lib/gcc/arm-none-eabi/7.3.1/../../../../arm-none-eabi/lib/thumb/v7e-m/fpv4-sp/hard\libc.a(lib_a-exit.o)
 .bss           0x00000000        0x0 c:/ac6/systemworkbench/plugins/fr.ac6.mcu.externaltools.arm-none.win32_1.17.0.201812190825/tools/compiler/bin/../lib/gcc/arm-none-eabi/7.3.1/../../../../arm-none-eabi/lib/thumb/v7e-m/fpv4-sp/hard\libc.a(lib_a-exit.o)
 .text.exit     0x00000000       0x20 c:/ac6/systemworkbench/plugins/fr.ac6.mcu.externaltools.arm-none.win32_1.17.0.201812190825/tools/compiler/bin/../lib/gcc/arm-none-eabi/7.3.1/../../../../arm-none-eabi/lib/thumb/v7e-m/fpv4-sp/hard\libc.a(lib_a-exit.o)
 .debug_frame   0x00000000       0x28 c:/ac6/systemworkbench/plugins/fr.ac6.mcu.externaltools.arm-none.win32_1.17.0.201812190825/tools/compiler/bin/../lib/gcc/arm-none-eabi/7.3.1/../../../../arm-none-eabi/lib/thumb/v7e-m/fpv4-sp/hard\libc.a(lib_a-exit.o)
 .ARM.attributes
                0x00000000       0x34 c:/ac6/systemworkbench/plugins/fr.ac6.mcu.externaltools.arm-none.win32_1.17.0.201812190825/tools/compiler/bin/../lib/gcc/arm-none-eabi/7.3.1/../../../../arm-none-eabi/lib/thumb/v7e-m/fpv4-sp/hard\libc.a(lib_a-exit.o)
 .text          0x00000000        0x0 c:/ac6/systemworkbench/plugins/fr.ac6.mcu.externaltools.arm-none.win32_1.17.0.201812190825/tools/compiler/bin/../lib/gcc/arm-none-eabi/7.3.1/../../../../arm-none-eabi/lib/thumb/v7e-m/fpv4-sp/hard\libc.a(lib_a-impure.o)
 .data          0x00000000        0x0 c:/ac6/systemworkbench/plugins/fr.ac6.mcu.externaltools.arm-none.win32_1.17.0.201812190825/tools/compiler/bin/../lib/gcc/arm-none-eabi/7.3.1/../../../../arm-none-eabi/lib/thumb/v7e-m/fpv4-sp/hard\libc.a(lib_a-impure.o)
 .bss           0x00000000        0x0 c:/ac6/systemworkbench/plugins/fr.ac6.mcu.externaltools.arm-none.win32_1.17.0.201812190825/tools/compiler/bin/../lib/gcc/arm-none-eabi/7.3.1/../../../../arm-none-eabi/lib/thumb/v7e-m/fpv4-sp/hard\libc.a(lib_a-impure.o)
 .data._impure_ptr
                0x00000000        0x4 c:/ac6/systemworkbench/plugins/fr.ac6.mcu.externaltools.arm-none.win32_1.17.0.201812190825/tools/compiler/bin/../lib/gcc/arm-none-eabi/7.3.1/../../../../arm-none-eabi/lib/thumb/v7e-m/fpv4-sp/hard\libc.a(lib_a-impure.o)
 .text          0x00000000        0x0 c:/ac6/systemworkbench/plugins/fr.ac6.mcu.externaltools.arm-none.win32_1.17.0.201812190825/tools/compiler/bin/../lib/gcc/arm-none-eabi/7.3.1/../../../../arm-none-eabi/lib/thumb/v7e-m/fpv4-sp/hard\libc.a(lib_a-init.o)
 .data          0x00000000        0x0 c:/ac6/systemworkbench/plugins/fr.ac6.mcu.externaltools.arm-none.win32_1.17.0.201812190825/tools/compiler/bin/../lib/gcc/arm-none-eabi/7.3.1/../../../../arm-none-eabi/lib/thumb/v7e-m/fpv4-sp/hard\libc.a(lib_a-init.o)
 .bss           0x00000000        0x0 c:/ac6/systemworkbench/plugins/fr.ac6.mcu.externaltools.arm-none.win32_1.17.0.201812190825/tools/compiler/bin/../lib/gcc/arm-none-eabi/7.3.1/../../../../arm-none-eabi/lib/thumb/v7e-m/fpv4-sp/hard\libc.a(lib_a-init.o)
 .text          0x00000000        0x0 c:/ac6/systemworkbench/plugins/fr.ac6.mcu.externaltools.arm-none.win32_1.17.0.201812190825/tools/compiler/bin/../lib/gcc/arm-none-eabi/7.3.1/../../../../arm-none-eabi/lib/thumb/v7e-m/fpv4-sp/hard\libc.a(lib_a-memset.o)
 .data          0x00000000        0x0 c:/ac6/systemworkbench/plugins/fr.ac6.mcu.externaltools.arm-none.win32_1.17.0.201812190825/tools/compiler/bin/../lib/gcc/arm-none-eabi/7.3.1/../../../../arm-none-eabi/lib/thumb/v7e-m/fpv4-sp/hard\libc.a(lib_a-memset.o)
 .bss           0x00000000        0x0 c:/ac6/systemworkbench/plugins/fr.ac6.mcu.externaltools.arm-none.win32_1.17.0.201812190825/tools/compiler/bin/../lib/gcc/arm-none-eabi/7.3.1/../../../../arm-none-eabi/lib/thumb/v7e-m/fpv4-sp/hard\libc.a(lib_a-memset.o)
 .text.memset   0x00000000       0x94 c:/ac6/systemworkbench/plugins/fr.ac6.mcu.externaltools.arm-none.win32_1.17.0.201812190825/tools/compiler/bin/../lib/gcc/arm-none-eabi/7.3.1/../../../../arm-none-eabi/lib/thumb/v7e-m/fpv4-sp/hard\libc.a(lib_a-memset.o)
 .debug_frame   0x00000000       0x38 c:/ac6/systemworkbench/plugins/fr.ac6.mcu.externaltools.arm-none.win32_1.17.0.201812190825/tools/compiler/bin/../lib/gcc/arm-none-eabi/7.3.1/../../../../arm-none-eabi/lib/thumb/v7e-m/fpv4-sp/hard\libc.a(lib_a-memset.o)
 .ARM.attributes
                0x00000000       0x34 c:/ac6/systemworkbench/plugins/fr.ac6.mcu.externaltools.arm-none.win32_1.17.0.201812190825/tools/compiler/bin/../lib/gcc/arm-none-eabi/7.3.1/../../../../arm-none-eabi/lib/thumb/v7e-m/fpv4-sp/hard\libc.a(lib_a-memset.o)
 .text          0x00000000        0x0 c:/ac6/systemworkbench/plugins/fr.ac6.mcu.externaltools.arm-none.win32_1.17.0.201812190825/tools/compiler/bin/../lib/gcc/arm-none-eabi/7.3.1/../../../../arm-none-eabi/lib/thumb/v7e-m/fpv4-sp/hard\libc.a(lib_a-__call_atexit.o)
 .data          0x00000000        0x0 c:/ac6/systemworkbench/plugins/fr.ac6.mcu.externaltools.arm-none.win32_1.17.0.201812190825/tools/compiler/bin/../lib/gcc/arm-none-eabi/7.3.1/../../../../arm-none-eabi/lib/thumb/v7e-m/fpv4-sp/hard\libc.a(lib_a-__call_atexit.o)
 .bss           0x00000000        0x0 c:/ac6/systemworkbench/plugins/fr.ac6.mcu.externaltools.arm-none.win32_1.17.0.201812190825/tools/compiler/bin/../lib/gcc/arm-none-eabi/7.3.1/../../../../arm-none-eabi/lib/thumb/v7e-m/fpv4-sp/hard\libc.a(lib_a-__call_atexit.o)
 .text.__call_exitprocs
                0x00000000       0xe8 c:/ac6/systemworkbench/plugins/fr.ac6.mcu.externaltools.arm-none.win32_1.17.0.201812190825/tools/compiler/bin/../lib/gcc/arm-none-eabi/7.3.1/../../../../arm-none-eabi/lib/thumb/v7e-m/fpv4-sp/hard\libc.a(lib_a-__call_atexit.o)
 .text          0x00000000        0x0 c:/ac6/systemworkbench/plugins/fr.ac6.mcu.externaltools.arm-none.win32_1.17.0.201812190825/tools/compiler/bin/../lib/gcc/arm-none-eabi/7.3.1/../../../../arm-none-eabi/lib/thumb/v7e-m/fpv4-sp/hard\libc.a(lib_a-atexit.o)
 .data          0x00000000        0x0 c:/ac6/systemworkbench/plugins/fr.ac6.mcu.externaltools.arm-none.win32_1.17.0.201812190825/tools/compiler/bin/../lib/gcc/arm-none-eabi/7.3.1/../../../../arm-none-eabi/lib/thumb/v7e-m/fpv4-sp/hard\libc.a(lib_a-atexit.o)
 .bss           0x00000000        0x0 c:/ac6/systemworkbench/plugins/fr.ac6.mcu.externaltools.arm-none.win32_1.17.0.201812190825/tools/compiler/bin/../lib/gcc/arm-none-eabi/7.3.1/../../../../arm-none-eabi/lib/thumb/v7e-m/fpv4-sp/hard\libc.a(lib_a-atexit.o)
 .text          0x00000000        0x0 c:/ac6/systemworkbench/plugins/fr.ac6.mcu.externaltools.arm-none.win32_1.17.0.201812190825/tools/compiler/bin/../lib/gcc/arm-none-eabi/7.3.1/../../../../arm-none-eabi/lib/thumb/v7e-m/fpv4-sp/hard\libc.a(lib_a-fini.o)
 .data          0x00000000        0x0 c:/ac6/systemworkbench/plugins/fr.ac6.mcu.externaltools.arm-none.win32_1.17.0.201812190825/tools/compiler/bin/../lib/gcc/arm-none-eabi/7.3.1/../../../../arm-none-eabi/lib/thumb/v7e-m/fpv4-sp/hard\libc.a(lib_a-fini.o)
 .bss           0x00000000        0x0 c:/ac6/systemworkbench/plugins/fr.ac6.mcu.externaltools.arm-none.win32_1.17.0.201812190825/tools/compiler/bin/../lib/gcc/arm-none-eabi/7.3.1/../../../../arm-none-eabi/lib/thumb/v7e-m/fpv4-sp/hard\libc.a(lib_a-fini.o)
 .text          0x00000000        0x0 c:/ac6/systemworkbench/plugins/fr.ac6.mcu.externaltools.arm-none.win32_1.17.0.201812190825/tools/compiler/bin/../lib/gcc/arm-none-eabi/7.3.1/../../../../arm-none-eabi/lib/thumb/v7e-m/fpv4-sp/hard\libc.a(lib_a-lock.o)
 .data          0x00000000        0x0 c:/ac6/systemworkbench/plugins/fr.ac6.mcu.externaltools.arm-none.win32_1.17.0.201812190825/tools/compiler/bin/../lib/gcc/arm-none-eabi/7.3.1/../../../../arm-none-eabi/lib/thumb/v7e-m/fpv4-sp/hard\libc.a(lib_a-lock.o)
 .bss           0x00000000        0x0 c:/ac6/systemworkbench/plugins/fr.ac6.mcu.externaltools.arm-none.win32_1.17.0.201812190825/tools/compiler/bin/../lib/gcc/arm-none-eabi/7.3.1/../../../../arm-none-eabi/lib/thumb/v7e-m/fpv4-sp/hard\libc.a(lib_a-lock.o)
 .text.__retarget_lock_init
                0x00000000        0x4 c:/ac6/systemworkbench/plugins/fr.ac6.mcu.externaltools.arm-none.win32_1.17.0.201812190825/tools/compiler/bin/../lib/gcc/arm-none-eabi/7.3.1/../../../../arm-none-eabi/lib/thumb/v7e-m/fpv4-sp/hard\libc.a(lib_a-lock.o)
 .text.__retarget_lock_init_recursive
                0x00000000        0x4 c:/ac6/systemworkbench/plugins/fr.ac6.mcu.externaltools.arm-none.win32_1.17.0.201812190825/tools/compiler/bin/../lib/gcc/arm-none-eabi/7.3.1/../../../../arm-none-eabi/lib/thumb/v7e-m/fpv4-sp/hard\libc.a(lib_a-lock.o)
 .text.__retarget_lock_close
                0x00000000        0x4 c:/ac6/systemworkbench/plugins/fr.ac6.mcu.externaltools.arm-none.win32_1.17.0.201812190825/tools/compiler/bin/../lib/gcc/arm-none-eabi/7.3.1/../../../../arm-none-eabi/lib/thumb/v7e-m/fpv4-sp/hard\libc.a(lib_a-lock.o)
 .text.__retarget_lock_close_recursive
                0x00000000        0x4 c:/ac6/systemworkbench/plugins/fr.ac6.mcu.externaltools.arm-none.win32_1.17.0.201812190825/tools/compiler/bin/../lib/gcc/arm-none-eabi/7.3.1/../../../../arm-none-eabi/lib/thumb/v7e-m/fpv4-sp/hard\libc.a(lib_a-lock.o)
 .text.__retarget_lock_acquire
                0x00000000        0x4 c:/ac6/systemworkbench/plugins/fr.ac6.mcu.externaltools.arm-none.win32_1.17.0.201812190825/tools/compiler/bin/../lib/gcc/arm-none-eabi/7.3.1/../../../../arm-none-eabi/lib/thumb/v7e-m/fpv4-sp/hard\libc.a(lib_a-lock.o)
 .text.__retarget_lock_try_acquire
                0x00000000        0x4 c:/ac6/systemworkbench/plugins/fr.ac6.mcu.externaltools.arm-none.win32_1.17.0.201812190825/tools/compiler/bin/../lib/gcc/arm-none-eabi/7.3.1/../../../../arm-none-eabi/lib/thumb/v7e-m/fpv4-sp/hard\libc.a(lib_a-lock.o)
 .text.__retarget_lock_try_acquire_recursive
                0x00000000        0x4 c:/ac6/systemworkbench/plugins/fr.ac6.mcu.externaltools.arm-none.win32_1.17.0.201812190825/tools/compiler/bin/../lib/gcc/arm-none-eabi/7.3.1/../../../../arm-none-eabi/lib/thumb/v7e-m/fpv4-sp/hard\libc.a(lib_a-lock.o)
 .text.__retarget_lock_release
                0x00000000        0x4 c:/ac6/systemworkbench/plugins/fr.ac6.mcu.externaltools.arm-none.win32_1.17.0.201812190825/tools/compiler/bin/../lib/gcc/arm-none-eabi/7.3.1/../../../../arm-none-eabi/lib/thumb/v7e-m/fpv4-sp/hard\libc.a(lib_a-lock.o)
 .text          0x00000000        0x0 c:/ac6/systemworkbench/plugins/fr.ac6.mcu.externaltools.arm-none.win32_1.17.0.201812190825/tools/compiler/bin/../lib/gcc/arm-none-eabi/7.3.1/../../../../arm-none-eabi/lib/thumb/v7e-m/fpv4-sp/hard\libc.a(lib_a-__atexit.o)
 .data          0x00000000        0x0 c:/ac6/systemworkbench/plugins/fr.ac6.mcu.externaltools.arm-none.win32_1.17.0.201812190825/tools/compiler/bin/../lib/gcc/arm-none-eabi/7.3.1/../../../../arm-none-eabi/lib/thumb/v7e-m/fpv4-sp/hard\libc.a(lib_a-__atexit.o)
 .bss           0x00000000        0x0 c:/ac6/systemworkbench/plugins/fr.ac6.mcu.externaltools.arm-none.win32_1.17.0.201812190825/tools/compiler/bin/../lib/gcc/arm-none-eabi/7.3.1/../../../../arm-none-eabi/lib/thumb/v7e-m/fpv4-sp/hard\libc.a(lib_a-__atexit.o)
 .text          0x00000000        0x0 c:/ac6/systemworkbench/plugins/fr.ac6.mcu.externaltools.arm-none.win32_1.17.0.201812190825/tools/compiler/bin/../lib/gcc/arm-none-eabi/7.3.1/thumb/v7e-m/fpv4-sp/hard/crtend.o
 .data          0x00000000        0x0 c:/ac6/systemworkbench/plugins/fr.ac6.mcu.externaltools.arm-none.win32_1.17.0.201812190825/tools/compiler/bin/../lib/gcc/arm-none-eabi/7.3.1/thumb/v7e-m/fpv4-sp/hard/crtend.o
 .bss           0x00000000        0x0 c:/ac6/systemworkbench/plugins/fr.ac6.mcu.externaltools.arm-none.win32_1.17.0.201812190825/tools/compiler/bin/../lib/gcc/arm-none-eabi/7.3.1/thumb/v7e-m/fpv4-sp/hard/crtend.o
 .eh_frame      0x00000000        0x4 c:/ac6/systemworkbench/plugins/fr.ac6.mcu.externaltools.arm-none.win32_1.17.0.201812190825/tools/compiler/bin/../lib/gcc/arm-none-eabi/7.3.1/thumb/v7e-m/fpv4-sp/hard/crtend.o
 .ARM.attributes
                0x00000000       0x34 c:/ac6/systemworkbench/plugins/fr.ac6.mcu.externaltools.arm-none.win32_1.17.0.201812190825/tools/compiler/bin/../lib/gcc/arm-none-eabi/7.3.1/thumb/v7e-m/fpv4-sp/hard/crtend.o
 .text          0x00000000        0x0 c:/ac6/systemworkbench/plugins/fr.ac6.mcu.externaltools.arm-none.win32_1.17.0.201812190825/tools/compiler/bin/../lib/gcc/arm-none-eabi/7.3.1/thumb/v7e-m/fpv4-sp/hard/crtn.o
 .data          0x00000000        0x0 c:/ac6/systemworkbench/plugins/fr.ac6.mcu.externaltools.arm-none.win32_1.17.0.201812190825/tools/compiler/bin/../lib/gcc/arm-none-eabi/7.3.1/thumb/v7e-m/fpv4-sp/hard/crtn.o
 .bss           0x00000000        0x0 c:/ac6/systemworkbench/plugins/fr.ac6.mcu.externaltools.arm-none.win32_1.17.0.201812190825/tools/compiler/bin/../lib/gcc/arm-none-eabi/7.3.1/thumb/v7e-m/fpv4-sp/hard/crtn.o

Memory Configuration

Name             Origin             Length             Attributes
RAM              0x20000000         0x00018000         xrw
ROM              0x08000000         0x00100000         xr
*default*        0x00000000         0xffffffff

Linker script and memory map

LOAD c:/ac6/systemworkbench/plugins/fr.ac6.mcu.externaltools.arm-none.win32_1.17.0.201812190825/tools/compiler/bin/../lib/gcc/arm-none-eabi/7.3.1/thumb/v7e-m/fpv4-sp/hard/crti.o
LOAD c:/ac6/systemworkbench/plugins/fr.ac6.mcu.externaltools.arm-none.win32_1.17.0.201812190825/tools/compiler/bin/../lib/gcc/arm-none-eabi/7.3.1/thumb/v7e-m/fpv4-sp/hard/crtbegin.o
LOAD c:/ac6/systemworkbench/plugins/fr.ac6.mcu.externaltools.arm-none.win32_1.17.0.201812190825/tools/compiler/bin/../lib/gcc/arm-none-eabi/7.3.1/../../../../arm-none-eabi/lib/thumb/v7e-m/fpv4-sp/hard/crt0.o
LOAD src/main.o
LOAD src/utils.o
LOAD startup/startup_stm32.o
LOAD startup/sysmem.o
LOAD c:/ac6/systemworkbench/plugins/fr.ac6.mcu.externaltools.arm-none.win32_1.17.0.201812190825/tools/compiler/bin/../lib/gcc/arm-none-eabi/7.3.1/../../../../arm-none-eabi/lib/thumb/v7e-m/fpv4-sp/hard\libm.a
START GROUP
LOAD c:/ac6/systemworkbench/plugins/fr.ac6.mcu.externaltools.arm-none.win32_1.17.0.201812190825/tools/compiler/bin/../lib/gcc/arm-none-eabi/7.3.1/thumb/v7e-m/fpv4-sp/hard\libgcc.a
LOAD c:/ac6/systemworkbench/plugins/fr.ac6.mcu.externaltools.arm-none.win32_1.17.0.201812190825/tools/compiler/bin/../lib/gcc/arm-none-eabi/7.3.1/../../../../arm-none-eabi/lib/thumb/v7e-m/fpv4-sp/hard\libc.a
END GROUP
LOAD c:/ac6/systemworkbench/plugins/fr.ac6.mcu.externaltools.arm-none.win32_1.17.0.201812190825/tools/compiler/bin/../lib/gcc/arm-none-eabi/7.3.1/thumb/v7e-m/fpv4-sp/hard/crtend.o
LOAD c:/ac6/systemworkbench/plugins/fr.ac6.mcu.externaltools.arm-none.win32_1.17.0.201812190825/tools/compiler/bin/../lib/gcc/arm-none-eabi/7.3.1/thumb/v7e-m/fpv4-sp/hard/crtn.o
                0x20018000                _estack = 0x20018000
                0x00000000                _Min_Heap_Size = 0x0
                0x00000400                _Min_Stack_Size = 0x400

.isr_vector     0x08000000      0x188
                0x08000000                . = ALIGN (0x8)
 *(.isr_vector)
 .isr_vector    0x08000000      0x188 startup/startup_stm32.o
                0x08000000                g_pfnVectors
                0x08000188                . = ALIGN (0x8)

.text           0x08000188      0xb50
                0x08000188                . = ALIGN (0x8)
 *(.text)
 .text          0x08000188       0x40 c:/ac6/systemworkbench/plugins/fr.ac6.mcu.externaltools.arm-none.win32_1.17.0.201812190825/tools/compiler/bin/../lib/gcc/arm-none-eabi/7.3.1/thumb/v7e-m/fpv4-sp/hard/crtbegin.o
 .text          0x080001c8       0xac src/utils.o
                0x080001c8                max7219_init
                0x08000208                max7219_send
                0x0800024e                fpu_enable
 *(.text*)
 .text.display  0x08000274      0x170 src/main.o
                0x08000274                display
 .text.PB_timer_init
                0x080003e4       0x54 src/main.o
                0x080003e4                PB_timer_init
 .text.timer_init_pb4
                0x08000438       0x94 src/main.o
                0x08000438                timer_init_pb4
 .text.timer_init_pb5
                0x080004cc       0xa0 src/main.o
                0x080004cc                timer_init_pb5
 .text.timer_init_pb6
                0x0800056c       0x94 src/main.o
                0x0800056c                timer_init_pb6
 .text.SystemClock_Config
                0x08000600       0x4c src/main.o
                0x08000600                SystemClock_Config
 .text.gpio_init
                0x0800064c       0x70 src/main.o
                0x0800064c                gpio_init
 .text.cal_len  0x080006bc       0x4c src/main.o
                0x080006bc                cal_len
 .text.keypad_init
                0x08000708       0xe4 src/main.o
                0x08000708                keypad_init
 .text.keypad_scan
                0x080007ec      0x150 src/main.o
                0x080007ec                keypad_scan
 .text.main     0x0800093c      0x1c8 src/main.o
                0x0800093c                main
 .text.Reset_Handler
                0x08000b04       0x50 startup/startup_stm32.o
                0x08000b04                Reset_Handler
 .text.Default_Handler
                0x08000b54        0x2 startup/startup_stm32.o
                0x08000b54                EXTI2_IRQHandler
                0x08000b54                TIM8_TRG_COM_IRQHandler
                0x08000b54                TIM8_CC_IRQHandler
                0x08000b54                DebugMon_Handler
                0x08000b54                DMA1_CH4_IRQHandler
                0x08000b54                TIM1_CC_IRQHandler
                0x08000b54                TSC_IRQHandler
                0x08000b54                HardFault_Handler
                0x08000b54                SysTick_Handler
                0x08000b54                TAMP_STAMP_IRQHandler
                0x08000b54                PendSV_Handler
                0x08000b54                NMI_Handler
                0x08000b54                EXTI3_IRQHandler
                0x08000b54                LPTIM2_IRQHandler
                0x08000b54                DFSDM1_FLT1_IRQHandler
                0x08000b54                I2C3_ER_IRQHandler
                0x08000b54                DFSDM1_FLT2_IRQHandler
                0x08000b54                TIM6_DACUNDER_IRQHandler
                0x08000b54                EXTI0_IRQHandler
                0x08000b54                I2C2_EV_IRQHandler
                0x08000b54                DMA2_CH1_IRQHandler
                0x08000b54                CAN1_RX0_IRQHandler
                0x08000b54                FPU_IRQHandler
                0x08000b54                TIM1_UP_TIM16_IRQHandler
                0x08000b54                DMA2_CH7_IRQHandler
                0x08000b54                UsageFault_Handler
                0x08000b54                ADC1_2_IRQHandler
                0x08000b54                SPI1_IRQHandler
                0x08000b54                DMA1_CH7_IRQHandler
                0x08000b54                TIM8_UP_IRQHandler
                0x08000b54                RTC_ALARM_IRQHandler
                0x08000b54                SAI2_IRQHandler
                0x08000b54                DFSDM1_FLT3_IRQHandler
                0x08000b54                DMA1_CH6_IRQHandler
                0x08000b54                USART3_IRQHandler
                0x08000b54                CAN1_RX1_IRQHandler
                0x08000b54                LCD_IRQHandler
                0x08000b54                UART5_IRQHandler
                0x08000b54                ADC3_IRQHandler
                0x08000b54                TIM4_IRQHandler
                0x08000b54                QUADSPI_IRQHandler
                0x08000b54                I2C1_EV_IRQHandler
                0x08000b54                DMA2_CH5_IRQHandler
                0x08000b54                UART4_IRQHandler
                0x08000b54                DMA1_CH3_IRQHandler
                0x08000b54                TIM3_IRQHandler
                0x08000b54                RCC_IRQHandler
                0x08000b54                Default_Handler
                0x08000b54                EXTI15_10_IRQHandler
                0x08000b54                TIM7_IRQHandler
                0x08000b54                SDMMC1_IRQHandler
                0x08000b54                TIM5_IRQHandler
                0x08000b54                I2C3_EV_IRQHandler
                0x08000b54                EXTI9_5_IRQHandler
                0x08000b54                DMA1_CH2_IRQHandler
                0x08000b54                RTC_WKUP_IRQHandler
                0x08000b54                PVD_PVM_IRQHandler
                0x08000b54                SPI2_IRQHandler
                0x08000b54                DMA1_CH1_IRQHandler
                0x08000b54                MemManage_Handler
                0x08000b54                CAN1_TX_IRQHandler
                0x08000b54                SVC_Handler
                0x08000b54                EXTI4_IRQHandler
                0x08000b54                RNG_IRQHandler
                0x08000b54                TIM1_TRG_COM_TIM17_IRQHandler
                0x08000b54                COMP_IRQHandler
                0x08000b54                WWDG_IRQHandler
                0x08000b54                LPUART1_IRQHandler
                0x08000b54                TIM2_IRQHandler
                0x08000b54                EXTI1_IRQHandler
                0x08000b54                AES_IRQHandler
                0x08000b54                USART2_IRQHandler
                0x08000b54                DFSDM1_FLT0_IRQHandler
                0x08000b54                I2C2_ER_IRQHandler
                0x08000b54                TIM8_BRK_IRQHandler
                0x08000b54                CAN1_SCE_IRQHandler
                0x08000b54                FLASH_IRQHandler
                0x08000b54                BusFault_Handler
                0x08000b54                USART1_IRQHandler
                0x08000b54                OTG_FS_IRQHandler
                0x08000b54                SPI3_IRQHandler
                0x08000b54                DMA2_CH6_IRQHandler
                0x08000b54                DMA2_CH3_IRQHandler
                0x08000b54                DMA2_CH2_IRQHandler
                0x08000b54                I2C1_ER_IRQHandler
                0x08000b54                FMC_IRQHandler
                0x08000b54                DMA1_CH5_IRQHandler
                0x08000b54                DMA2_CH4_IRQHandler
                0x08000b54                SWPMI1_IRQHandler
                0x08000b54                LPTIM1_IRQHandler
                0x08000b54                SAI1_IRQHandler
                0x08000b54                TIM1_BRK_TIM15_IRQHandler
 *fill*         0x08000b56        0x2 
 .text.__libc_init_array
                0x08000b58       0x48 c:/ac6/systemworkbench/plugins/fr.ac6.mcu.externaltools.arm-none.win32_1.17.0.201812190825/tools/compiler/bin/../lib/gcc/arm-none-eabi/7.3.1/../../../../arm-none-eabi/lib/thumb/v7e-m/fpv4-sp/hard\libc.a(lib_a-init.o)
                0x08000b58                __libc_init_array
 .text.startup.register_fini
                0x08000ba0       0x14 c:/ac6/systemworkbench/plugins/fr.ac6.mcu.externaltools.arm-none.win32_1.17.0.201812190825/tools/compiler/bin/../lib/gcc/arm-none-eabi/7.3.1/../../../../arm-none-eabi/lib/thumb/v7e-m/fpv4-sp/hard\libc.a(lib_a-__call_atexit.o)
 .text.atexit   0x08000bb4        0xc c:/ac6/systemworkbench/plugins/fr.ac6.mcu.externaltools.arm-none.win32_1.17.0.201812190825/tools/compiler/bin/../lib/gcc/arm-none-eabi/7.3.1/../../../../arm-none-eabi/lib/thumb/v7e-m/fpv4-sp/hard\libc.a(lib_a-atexit.o)
                0x08000bb4                atexit
 .text.__libc_fini_array
                0x08000bc0       0x34 c:/ac6/systemworkbench/plugins/fr.ac6.mcu.externaltools.arm-none.win32_1.17.0.201812190825/tools/compiler/bin/../lib/gcc/arm-none-eabi/7.3.1/../../../../arm-none-eabi/lib/thumb/v7e-m/fpv4-sp/hard\libc.a(lib_a-fini.o)
                0x08000bc0                __libc_fini_array
 .text.__retarget_lock_acquire_recursive
                0x08000bf4        0x4 c:/ac6/systemworkbench/plugins/fr.ac6.mcu.externaltools.arm-none.win32_1.17.0.201812190825/tools/compiler/bin/../lib/gcc/arm-none-eabi/7.3.1/../../../../arm-none-eabi/lib/thumb/v7e-m/fpv4-sp/hard\libc.a(lib_a-lock.o)
                0x08000bf4                __retarget_lock_acquire_recursive
 .text.__retarget_lock_release_recursive
                0x08000bf8        0x4 c:/ac6/systemworkbench/plugins/fr.ac6.mcu.externaltools.arm-none.win32_1.17.0.201812190825/tools/compiler/bin/../lib/gcc/arm-none-eabi/7.3.1/../../../../arm-none-eabi/lib/thumb/v7e-m/fpv4-sp/hard\libc.a(lib_a-lock.o)
                0x08000bf8                __retarget_lock_release_recursive
 .text.__register_exitproc
                0x08000bfc       0xc0 c:/ac6/systemworkbench/plugins/fr.ac6.mcu.externaltools.arm-none.win32_1.17.0.201812190825/tools/compiler/bin/../lib/gcc/arm-none-eabi/7.3.1/../../../../arm-none-eabi/lib/thumb/v7e-m/fpv4-sp/hard\libc.a(lib_a-__atexit.o)
                0x08000bfc                __register_exitproc
 *(.glue_7)
 .glue_7        0x08000cbc        0x0 linker stubs
 *(.glue_7t)
 .glue_7t       0x08000cbc        0x0 linker stubs
 *(.eh_frame)
 .eh_frame      0x08000cbc        0x0 c:/ac6/systemworkbench/plugins/fr.ac6.mcu.externaltools.arm-none.win32_1.17.0.201812190825/tools/compiler/bin/../lib/gcc/arm-none-eabi/7.3.1/thumb/v7e-m/fpv4-sp/hard/crtbegin.o
 *(.init)
 .init          0x08000cbc        0x4 c:/ac6/systemworkbench/plugins/fr.ac6.mcu.externaltools.arm-none.win32_1.17.0.201812190825/tools/compiler/bin/../lib/gcc/arm-none-eabi/7.3.1/thumb/v7e-m/fpv4-sp/hard/crti.o
                0x08000cbc                _init
 .init          0x08000cc0        0x8 c:/ac6/systemworkbench/plugins/fr.ac6.mcu.externaltools.arm-none.win32_1.17.0.201812190825/tools/compiler/bin/../lib/gcc/arm-none-eabi/7.3.1/thumb/v7e-m/fpv4-sp/hard/crtn.o
 *(.fini)
 .fini          0x08000cc8        0x4 c:/ac6/systemworkbench/plugins/fr.ac6.mcu.externaltools.arm-none.win32_1.17.0.201812190825/tools/compiler/bin/../lib/gcc/arm-none-eabi/7.3.1/thumb/v7e-m/fpv4-sp/hard/crti.o
                0x08000cc8                _fini
 .fini          0x08000ccc        0x8 c:/ac6/systemworkbench/plugins/fr.ac6.mcu.externaltools.arm-none.win32_1.17.0.201812190825/tools/compiler/bin/../lib/gcc/arm-none-eabi/7.3.1/thumb/v7e-m/fpv4-sp/hard/crtn.o
                0x08000cd8                . = ALIGN (0x8)
 *fill*         0x08000cd4        0x4 
                0x08000cd8                _etext = .

.vfp11_veneer   0x08000cd8        0x0
 .vfp11_veneer  0x08000cd8        0x0 linker stubs

.v4_bx          0x08000cd8        0x0
 .v4_bx         0x08000cd8        0x0 linker stubs

.iplt           0x08000cd8        0x0
 .iplt          0x08000cd8        0x0 c:/ac6/systemworkbench/plugins/fr.ac6.mcu.externaltools.arm-none.win32_1.17.0.201812190825/tools/compiler/bin/../lib/gcc/arm-none-eabi/7.3.1/thumb/v7e-m/fpv4-sp/hard/crtbegin.o

.rodata         0x08000cd8        0x8
                0x08000cd8                . = ALIGN (0x8)
 *(.rodata)
 *(.rodata*)
 .rodata._global_impure_ptr
                0x08000cd8        0x4 c:/ac6/systemworkbench/plugins/fr.ac6.mcu.externaltools.arm-none.win32_1.17.0.201812190825/tools/compiler/bin/../lib/gcc/arm-none-eabi/7.3.1/../../../../arm-none-eabi/lib/thumb/v7e-m/fpv4-sp/hard\libc.a(lib_a-impure.o)
                0x08000cd8                _global_impure_ptr
                0x08000ce0                . = ALIGN (0x8)
 *fill*         0x08000cdc        0x4 

.rel.dyn        0x08000ce0        0x0
 .rel.iplt      0x08000ce0        0x0 c:/ac6/systemworkbench/plugins/fr.ac6.mcu.externaltools.arm-none.win32_1.17.0.201812190825/tools/compiler/bin/../lib/gcc/arm-none-eabi/7.3.1/thumb/v7e-m/fpv4-sp/hard/crtbegin.o

.ARM.extab      0x08000ce0        0x0
                0x08000ce0                . = ALIGN (0x8)
 *(.ARM.extab* .gnu.linkonce.armextab.*)
                0x08000ce0                . = ALIGN (0x8)

.ARM            0x08000ce0        0x0
                0x08000ce0                . = ALIGN (0x8)
                0x08000ce0                __exidx_start = .
 *(.ARM.exidx*)
                0x08000ce0                __exidx_end = .
                0x08000ce0                . = ALIGN (0x8)

.preinit_array  0x08000ce0        0x0
                0x08000ce0                . = ALIGN (0x8)
                0x08000ce0                PROVIDE (__preinit_array_start = .)
 *(.preinit_array*)
                0x08000ce0                PROVIDE (__preinit_array_end = .)
                0x08000ce0                . = ALIGN (0x8)

.init_array     0x08000ce0        0x8
                0x08000ce0                . = ALIGN (0x8)
                0x08000ce0                PROVIDE (__init_array_start = .)
 *(SORT_BY_NAME(.init_array.*))
 .init_array.00000
                0x08000ce0        0x4 c:/ac6/systemworkbench/plugins/fr.ac6.mcu.externaltools.arm-none.win32_1.17.0.201812190825/tools/compiler/bin/../lib/gcc/arm-none-eabi/7.3.1/../../../../arm-none-eabi/lib/thumb/v7e-m/fpv4-sp/hard\libc.a(lib_a-__call_atexit.o)
 *(.init_array*)
 .init_array    0x08000ce4        0x4 c:/ac6/systemworkbench/plugins/fr.ac6.mcu.externaltools.arm-none.win32_1.17.0.201812190825/tools/compiler/bin/../lib/gcc/arm-none-eabi/7.3.1/thumb/v7e-m/fpv4-sp/hard/crtbegin.o
                0x08000ce8                PROVIDE (__init_array_end = .)
                0x08000ce8                . = ALIGN (0x8)

.fini_array     0x08000ce8        0x8
                0x08000ce8                . = ALIGN (0x8)
                0x08000ce8                PROVIDE (__fini_array_start = .)
 *(SORT_BY_NAME(.fini_array.*))
 *(.fini_array*)
 .fini_array    0x08000ce8        0x4 c:/ac6/systemworkbench/plugins/fr.ac6.mcu.externaltools.arm-none.win32_1.17.0.201812190825/tools/compiler/bin/../lib/gcc/arm-none-eabi/7.3.1/thumb/v7e-m/fpv4-sp/hard/crtbegin.o
                0x08000cec                PROVIDE (__fini_array_end = .)
                0x08000cf0                . = ALIGN (0x8)
 *fill*         0x08000cec        0x4 
                0x08000cf0                _sidata = LOADADDR (.data)

.data           0x20000000      0x430 load address 0x08000cf0
                0x20000000                . = ALIGN (0x8)
                0x20000000                _sdata = .
 *(.data)
 *(.data*)
 .data.impure_data
                0x20000000      0x428 c:/ac6/systemworkbench/plugins/fr.ac6.mcu.externaltools.arm-none.win32_1.17.0.201812190825/tools/compiler/bin/../lib/gcc/arm-none-eabi/7.3.1/../../../../arm-none-eabi/lib/thumb/v7e-m/fpv4-sp/hard\libc.a(lib_a-impure.o)
 .data.__atexit_recursive_mutex
                0x20000428        0x4 c:/ac6/systemworkbench/plugins/fr.ac6.mcu.externaltools.arm-none.win32_1.17.0.201812190825/tools/compiler/bin/../lib/gcc/arm-none-eabi/7.3.1/../../../../arm-none-eabi/lib/thumb/v7e-m/fpv4-sp/hard\libc.a(lib_a-__call_atexit.o)
                0x20000428                __atexit_recursive_mutex
                0x20000430                . = ALIGN (0x8)
 *fill*         0x2000042c        0x4 
                0x20000430                _edata = .

.igot.plt       0x20000430        0x0 load address 0x08001120
 .igot.plt      0x20000430        0x0 c:/ac6/systemworkbench/plugins/fr.ac6.mcu.externaltools.arm-none.win32_1.17.0.201812190825/tools/compiler/bin/../lib/gcc/arm-none-eabi/7.3.1/thumb/v7e-m/fpv4-sp/hard/crtbegin.o
                0x20000430                . = ALIGN (0x8)

.bss            0x20000430       0x40 load address 0x08001120
                0x20000430                _sbss = .
                0x20000430                __bss_start__ = _sbss
 *(.bss)
 .bss           0x20000430       0x1c c:/ac6/systemworkbench/plugins/fr.ac6.mcu.externaltools.arm-none.win32_1.17.0.201812190825/tools/compiler/bin/../lib/gcc/arm-none-eabi/7.3.1/thumb/v7e-m/fpv4-sp/hard/crtbegin.o
 *(.bss*)
 *(COMMON)
 COMMON         0x2000044c       0x21 c:/ac6/systemworkbench/plugins/fr.ac6.mcu.externaltools.arm-none.win32_1.17.0.201812190825/tools/compiler/bin/../lib/gcc/arm-none-eabi/7.3.1/../../../../arm-none-eabi/lib/thumb/v7e-m/fpv4-sp/hard\libc.a(lib_a-lock.o)
                0x2000044c                __lock___atexit_recursive_mutex
                0x20000450                __lock___arc4random_mutex
                0x20000454                __lock___env_recursive_mutex
                0x20000458                __lock___sinit_recursive_mutex
                0x2000045c                __lock___malloc_recursive_mutex
                0x20000460                __lock___at_quick_exit_mutex
                0x20000464                __lock___dd_hash_mutex
                0x20000468                __lock___tz_mutex
                0x2000046c                __lock___sfp_recursive_mutex
                0x20000470                . = ALIGN (0x8)
 *fill*         0x2000046d        0x3 
                0x20000470                _ebss = .
                0x20000470                __bss_end__ = _ebss

._user_heap_stack
                0x20000470      0x400 load address 0x08001120
                0x20000470                . = ALIGN (0x8)
                0x20000470                PROVIDE (end = .)
                [!provide]                PROVIDE (_end = .)
                0x20000470                . = (. + _Min_Heap_Size)
                0x20000870                . = (. + _Min_Stack_Size)
 *fill*         0x20000470      0x400 
                0x20000870                . = ALIGN (0x8)

/DISCARD/
 libc.a(*)
 libm.a(*)
 libgcc.a(*)

.ARM.attributes
                0x00000000       0x30
 *(.ARM.attributes)
 .ARM.attributes
                0x00000000       0x22 c:/ac6/systemworkbench/plugins/fr.ac6.mcu.externaltools.arm-none.win32_1.17.0.201812190825/tools/compiler/bin/../lib/gcc/arm-none-eabi/7.3.1/thumb/v7e-m/fpv4-sp/hard/crti.o
 .ARM.attributes
                0x00000022       0x34 c:/ac6/systemworkbench/plugins/fr.ac6.mcu.externaltools.arm-none.win32_1.17.0.201812190825/tools/compiler/bin/../lib/gcc/arm-none-eabi/7.3.1/thumb/v7e-m/fpv4-sp/hard/crtbegin.o
 .ARM.attributes
                0x00000056       0x39 src/main.o
 .ARM.attributes
                0x0000008f       0x25 src/utils.o
 .ARM.attributes
                0x000000b4       0x21 startup/startup_stm32.o
 .ARM.attributes
                0x000000d5       0x34 c:/ac6/systemworkbench/plugins/fr.ac6.mcu.externaltools.arm-none.win32_1.17.0.201812190825/tools/compiler/bin/../lib/gcc/arm-none-eabi/7.3.1/../../../../arm-none-eabi/lib/thumb/v7e-m/fpv4-sp/hard\libc.a(lib_a-impure.o)
 .ARM.attributes
                0x00000109       0x34 c:/ac6/systemworkbench/plugins/fr.ac6.mcu.externaltools.arm-none.win32_1.17.0.201812190825/tools/compiler/bin/../lib/gcc/arm-none-eabi/7.3.1/../../../../arm-none-eabi/lib/thumb/v7e-m/fpv4-sp/hard\libc.a(lib_a-init.o)
 .ARM.attributes
                0x0000013d       0x34 c:/ac6/systemworkbench/plugins/fr.ac6.mcu.externaltools.arm-none.win32_1.17.0.201812190825/tools/compiler/bin/../lib/gcc/arm-none-eabi/7.3.1/../../../../arm-none-eabi/lib/thumb/v7e-m/fpv4-sp/hard\libc.a(lib_a-__call_atexit.o)
 .ARM.attributes
                0x00000171       0x34 c:/ac6/systemworkbench/plugins/fr.ac6.mcu.externaltools.arm-none.win32_1.17.0.201812190825/tools/compiler/bin/../lib/gcc/arm-none-eabi/7.3.1/../../../../arm-none-eabi/lib/thumb/v7e-m/fpv4-sp/hard\libc.a(lib_a-atexit.o)
 .ARM.attributes
                0x000001a5       0x34 c:/ac6/systemworkbench/plugins/fr.ac6.mcu.externaltools.arm-none.win32_1.17.0.201812190825/tools/compiler/bin/../lib/gcc/arm-none-eabi/7.3.1/../../../../arm-none-eabi/lib/thumb/v7e-m/fpv4-sp/hard\libc.a(lib_a-fini.o)
 .ARM.attributes
                0x000001d9       0x34 c:/ac6/systemworkbench/plugins/fr.ac6.mcu.externaltools.arm-none.win32_1.17.0.201812190825/tools/compiler/bin/../lib/gcc/arm-none-eabi/7.3.1/../../../../arm-none-eabi/lib/thumb/v7e-m/fpv4-sp/hard\libc.a(lib_a-lock.o)
 .ARM.attributes
                0x0000020d       0x34 c:/ac6/systemworkbench/plugins/fr.ac6.mcu.externaltools.arm-none.win32_1.17.0.201812190825/tools/compiler/bin/../lib/gcc/arm-none-eabi/7.3.1/../../../../arm-none-eabi/lib/thumb/v7e-m/fpv4-sp/hard\libc.a(lib_a-__atexit.o)
 .ARM.attributes
                0x00000241       0x22 c:/ac6/systemworkbench/plugins/fr.ac6.mcu.externaltools.arm-none.win32_1.17.0.201812190825/tools/compiler/bin/../lib/gcc/arm-none-eabi/7.3.1/thumb/v7e-m/fpv4-sp/hard/crtn.o
OUTPUT(fp_v2.elf elf32-littlearm)

.debug_info     0x00000000      0x8aa
 .debug_info    0x00000000      0x862 src/main.o
 .debug_info    0x00000862       0x26 src/utils.o
 .debug_info    0x00000888       0x22 startup/startup_stm32.o

.debug_abbrev   0x00000000      0x1ee
 .debug_abbrev  0x00000000      0x1c8 src/main.o
 .debug_abbrev  0x000001c8       0x14 src/utils.o
 .debug_abbrev  0x000001dc       0x12 startup/startup_stm32.o

.debug_aranges  0x00000000       0xe0
 .debug_aranges
                0x00000000       0x98 src/main.o
 .debug_aranges
                0x00000098       0x20 src/utils.o
 .debug_aranges
                0x000000b8       0x28 startup/startup_stm32.o

.debug_ranges   0x00000000       0xa8
 .debug_ranges  0x00000000       0x88 src/main.o
 .debug_ranges  0x00000088       0x20 startup/startup_stm32.o

.debug_macro    0x00000000     0xd618
 .debug_macro   0x00000000       0xc4 src/main.o
 .debug_macro   0x000000c4      0xa66 src/main.o
 .debug_macro   0x00000b2a       0x28 src/main.o
 .debug_macro   0x00000b52       0x22 src/main.o
 .debug_macro   0x00000b74       0x8e src/main.o
 .debug_macro   0x00000c02       0x51 src/main.o
 .debug_macro   0x00000c53       0xef src/main.o
 .debug_macro   0x00000d42       0x6a src/main.o
 .debug_macro   0x00000dac      0x1df src/main.o
 .debug_macro   0x00000f8b       0x35 src/main.o
 .debug_macro   0x00000fc0       0x50 src/main.o
 .debug_macro   0x00001010      0xe66 src/main.o
 .debug_macro   0x00001e76     0xb700 src/main.o
 .debug_macro   0x0000d576       0xa2 src/main.o

.debug_line     0x00000000      0x70d
 .debug_line    0x00000000      0x61c src/main.o
 .debug_line    0x0000061c       0x75 src/utils.o
 .debug_line    0x00000691       0x7c startup/startup_stm32.o

.debug_str      0x00000000    0x4dc0a
 .debug_str     0x00000000    0x4dbd2 src/main.o
                              0x4dd54 (size before relaxing)
 .debug_str     0x0004dbd2       0x1d src/utils.o
                                 0x43 (size before relaxing)
 .debug_str     0x0004dbef       0x1b startup/startup_stm32.o
                                 0x4f (size before relaxing)

.comment        0x00000000       0x7f
 .comment       0x00000000       0x7f src/main.o
                                 0x80 (size before relaxing)

.debug_frame    0x00000000      0x41c
 .debug_frame   0x00000000      0x25c src/main.o
 .debug_frame   0x0000025c       0x2c c:/ac6/systemworkbench/plugins/fr.ac6.mcu.externaltools.arm-none.win32_1.17.0.201812190825/tools/compiler/bin/../lib/gcc/arm-none-eabi/7.3.1/../../../../arm-none-eabi/lib/thumb/v7e-m/fpv4-sp/hard\libc.a(lib_a-init.o)
 .debug_frame   0x00000288       0x5c c:/ac6/systemworkbench/plugins/fr.ac6.mcu.externaltools.arm-none.win32_1.17.0.201812190825/tools/compiler/bin/../lib/gcc/arm-none-eabi/7.3.1/../../../../arm-none-eabi/lib/thumb/v7e-m/fpv4-sp/hard\libc.a(lib_a-__call_atexit.o)
 .debug_frame   0x000002e4       0x20 c:/ac6/systemworkbench/plugins/fr.ac6.mcu.externaltools.arm-none.win32_1.17.0.201812190825/tools/compiler/bin/../lib/gcc/arm-none-eabi/7.3.1/../../../../arm-none-eabi/lib/thumb/v7e-m/fpv4-sp/hard\libc.a(lib_a-atexit.o)
 .debug_frame   0x00000304       0x34 c:/ac6/systemworkbench/plugins/fr.ac6.mcu.externaltools.arm-none.win32_1.17.0.201812190825/tools/compiler/bin/../lib/gcc/arm-none-eabi/7.3.1/../../../../arm-none-eabi/lib/thumb/v7e-m/fpv4-sp/hard\libc.a(lib_a-fini.o)
 .debug_frame   0x00000338       0xb0 c:/ac6/systemworkbench/plugins/fr.ac6.mcu.externaltools.arm-none.win32_1.17.0.201812190825/tools/compiler/bin/../lib/gcc/arm-none-eabi/7.3.1/../../../../arm-none-eabi/lib/thumb/v7e-m/fpv4-sp/hard\libc.a(lib_a-lock.o)
 .debug_frame   0x000003e8       0x34 c:/ac6/systemworkbench/plugins/fr.ac6.mcu.externaltools.arm-none.win32_1.17.0.201812190825/tools/compiler/bin/../lib/gcc/arm-none-eabi/7.3.1/../../../../arm-none-eabi/lib/thumb/v7e-m/fpv4-sp/hard\libc.a(lib_a-__atexit.o)
